(delay
  (lam
    case_Tuple2_65
    [
      case_Tuple2_65
      (prod
        (con integer 1)
        (delay
          (lam
            case_Nil_55
            (lam
              case_Cons_56
              [
                case_Cons_56
                (prod
                  (con integer 2)
                  (delay
                    (lam
                      case_Nil_55
                      (lam
                        case_Cons_56
                        [
                          case_Cons_56
                          (prod
                            (con integer 3)
                            (delay
                              (lam
                                case_Nil_51
                                (lam case_Cons_52 [ case_Nil_51 (prod ) ])
                              )
                            )
                          )
                        ]
                      )
                    )
                  )
                )
              ]
            )
          )
        )
      )
    ]
  )
)